          64
           1
           1
         132
           2
           1
         131
           3
           1
         130
           4
           1
         129
           5
           1
         128
           6
           1
         127
           7
           1
         126
           8
           1
         125
           9
           1
         124
          10
           1
         123
          11
           1
         122
          12
           1
         121
          13
           1
         120
          14
           1
         119
          15
           1
         118
          16
           1
         117
          17
           1
         116
          18
           1
         115
          19
           1
         114
          20
           1
         113
          21
           1
         112
          22
           1
         111
          23
           1
         110
          24
           1
         109
          25
           1
         108
          26
           1
         107
          27
           1
         106
          28
           1
         105
          29
           1
         104
          30
           1
         103
          31
           1
         102
          32
           1
         101
          33
           1
         229
          34
           1
         230
          35
           1
         231
          36
           1
         232
          37
           1
         233
          38
           1
         234
          39
           1
         235
          40
           1
         236
          41
           1
         237
          42
           1
         238
          43
           1
         239
          44
           1
         240
          45
           1
         241
          46
           1
         242
          47
           1
         243
          48
           1
         244
          49
           1
         245
          50
           1
         246
          51
           1
         247
          52
           1
         248
          53
           1
         249
          54
           1
         250
          55
           1
         251
          56
           1
         252
          57
           1
         253
          58
           1
         254
          59
           1
         255
          60
           1
         256
          61
           1
         257
          62
           1
         258
          63
           1
         259
          64
           1
         260
