          32
           1
           2
         165         293
           2
           2
         166         294
           3
           2
         167         295
           4
           2
         168         296
           5
           2
         169         297
           6
           2
         170         298
           7
           2
         171         299
           8
           2
         172         300
           9
           2
         173         301
          10
           2
         174         302
          11
           2
         175         303
          12
           2
         176         304
          13
           2
         177         305
          14
           2
         178         306
          15
           2
         179         307
          16
           2
         180         308
          17
           2
         181         309
          18
           2
         182         310
          19
           2
         183         311
          20
           2
         184         312
          21
           2
         185         313
          22
           2
         186         314
          23
           2
         187         315
          24
           2
         188         316
          25
           2
         189         317
          26
           2
         190         318
          27
           2
         191         319
          28
           2
         192         320
          29
           2
         193         321
          30
           2
         194         322
          31
           2
         195         323
          32
           2
         196         324
