          32
           1
           4
         101         229         165         293
           2
           4
         102         230         166         294
           3
           4
         103         231         167         295
           4
           4
         104         232         168         296
           5
           4
         105         233         169         297
           6
           4
         106         234         170         298
           7
           4
         107         235         171         299
           8
           4
         108         236         172         300
           9
           4
         109         237         173         301
          10
           4
         110         238         174         302
          11
           4
         111         239         175         303
          12
           4
         112         240         176         304
          13
           4
         113         241         177         305
          14
           4
         114         242         178         306
          15
           4
         115         243         179         307
          16
           4
         116         244         180         308
          17
           4
         117         245         181         309
          18
           4
         118         246         182         310
          19
           4
         119         247         183         311
          20
           4
         120         248         184         312
          21
           4
         121         249         185         313
          22
           4
         122         250         186         314
          23
           4
         123         251         187         315
          24
           4
         124         252         188         316
          25
           4
         125         253         189         317
          26
           4
         126         254         190         318
          27
           4
         127         255         191         319
          28
           4
         128         256         192         320
          29
           4
         129         257         193         321
          30
           4
         130         258         194         322
          31
           4
         131         259         195         323
          32
           4
         132         260         196         324
