          45
           1
           2
         361         381
           2
           2
         362         382
           3
           2
         363         383
           4
           2
         364         384
           5
           2
         365         385
           6
           2
         366         386
           7
           2
         367         387
           8
           2
         368         388
           9
           2
         369         389
          10
           2
         370         390
          11
           2
         371         391
          12
           2
         372         392
          13
           2
         373         393
          14
           8
         101         229         165         293         133         197
         261         325
          15
           8
         102         230         166         294         134         198
         262         326
          16
           8
         103         231         167         295         135         199
         263         327
          17
           8
         104         232         168         296         136         200
         264         328
          18
           8
         105         233         169         297         137         201
         265         329
          19
           8
         106         234         170         298         138         202
         266         330
          20
           8
         107         235         171         299         139         203
         267         331
          21
           8
         108         236         172         300         140         204
         268         332
          22
           8
         109         237         173         301         141         205
         269         333
          23
           8
         110         238         174         302         142         206
         270         334
          24
           8
         111         239         175         303         143         207
         271         335
          25
           8
         112         240         176         304         144         208
         272         336
          26
           8
         113         241         177         305         145         209
         273         337
          27
           8
         114         242         178         306         146         210
         274         338
          28
           8
         115         243         179         307         147         211
         275         339
          29
           8
         116         244         180         308         148         212
         276         340
          30
           8
         117         245         181         309         149         213
         277         341
          31
           8
         118         246         182         310         150         214
         278         342
          32
           8
         119         247         183         311         152         216
         280         344
          33
           8
         120         248         184         312         152         216
         280         344
          34
           8
         121         249         185         313         153         217
         281         345
          35
           8
         122         250         186         314         154         218
         282         346
          36
           8
         123         251         187         315         155         219
         283         347
          37
           8
         124         252         188         316         156         220
         284         348
          38
           8
         125         253         189         317         157         221
         285         349
          39
           8
         126         254         190         318         158         222
         286         350
          40
           8
         127         255         191         319         159         223
         287         351
          41
           8
         128         256         192         320         160         224
         288         352
          42
           8
         129         257         193         321         161         225
         289         353
          43
           8
         130         258         194         322         162         226
         290         354
          44
           8
         131         259         195         323         163         227
         291         355
          45
           8
         132         260         196         324         164         228
         292         356
