          90
           1
           1
         260
           2
           1
         259
           3
           1
         258
           4
           1
         257
           5
           1
         256
           6
           1
         255
           7
           1
         254
           8
           1
         253
           9
           1
         252
          10
           1
         251
          11
           1
         250
          12
           1
         249
          13
           1
         248
          14
           1
         247
          15
           1
         246
          16
           1
         245
          17
           1
         244
          18
           1
         243
          19
           1
         242
          20
           1
         241
          21
           1
         240
          22
           1
         239
          23
           1
         238
          24
           1
         237
          25
           1
         236
          26
           1
         235
          27
           1
         234
          28
           1
         233
          29
           1
         232
          30
           1
         231
          31
           1
         230
          32
           1
         229
          33
           1
         101
          34
           1
         102
          35
           1
         103
          36
           1
         104
          37
           1
         105
          38
           1
         106
          39
           1
         107
          40
           1
         108
          41
           1
         109
          42
           1
         110
          43
           1
         111
          44
           1
         112
          45
           1
         113
          46
           1
         114
          47
           1
         115
          48
           1
         116
          49
           1
         117
          50
           1
         118
          51
           1
         119
          52
           1
         120
          53
           1
         121
          54
           1
         122
          55
           1
         123
          56
           1
         124
          57
           1
         125
          58
           1
         126
          59
           1
         127
          60
           1
         128
          61
           1
         129
          62
           1
         130
          63
           1
         131
          64
           1
         132
65
   20
2023-2042
66
   20
1959-1978
67
   20
1895-1914
68
   20
1831-1850
69
   20
1767-1786
70
   20
1703-1722
71
   20
1639-1658
72
   20
1575-1594
73
   20
1511-1530
74
   20
1447-1466
75
   20
1383-1402
76
   20
1319-1338
77
   20
1255-1274
78
   20
423-442
79
   20
487-506
80
   20
551-570
81
   20 
615-634
82
   20 
679-698
83
   20 
743-762
84
   20 
807-826
85
   20 
871-890
86
   20 
935-954
87
   20 
999-1018
88
   20 
1063-1082
89
   20 
1127-1146
90
   20 
1191-1210